exports[`SearchForm renders correctly 1`] = `
<form
  className="ceDFYc">
  <input
    autoFocus={true}
    className="fCQilL"
    onChange={[Function]}
    placeholder="..."
    value="" />
  <button
    className="jyNRcu"
    onClick={[Function]}>
    <i
      className="material-icons">
      search
    </i>
  </button>
</form>
`;
