exports[`BookStore renders correctly 1`] = `
<div
  className="dLOtxE">
  <ul
    className="c-pagination">
    <li
      className="previous c-pagination__page--disabled">
      <a
        className={undefined}
        onClick={[Function]}
        onKeyPress={[Function]}
        tabIndex="0">
        
      </a>
    </li>
    <li
      className="next">
      <a
        className={undefined}
        onClick={[Function]}
        onKeyPress={[Function]}
        tabIndex="0">
        
      </a>
    </li>
  </ul>
</div>
`;
