exports[`BookStore renders correctly 1`] = `
<div
  className="c-pagination dLOtxE">
  <ul
    className={undefined}>
    <li
      className="previous disabled">
      <a
        className={undefined}
        onClick={[Function]}
        onKeyPress={[Function]}
        tabIndex="0">
        Previous
      </a>
    </li>
    <li
      className="next">
      <a
        className={undefined}
        onClick={[Function]}
        onKeyPress={[Function]}
        tabIndex="0">
        Next
      </a>
    </li>
  </ul>
</div>
`;
