exports[`BookStore renders correctly 1`] = `
<div
  className="BookStore">
  <div
    className="gIGYFc">
    
  </div>
  <form
    className="ceDFYc">
    <input
      autoFocus={true}
      className="fCQilL"
      onChange={[Function]}
      placeholder="..."
      value="" />
    <button
      className="jyNRcu"
      onClick={[Function]}>
      <i
        className="material-icons">
        search
      </i>
    </button>
  </form>
  <div
    className="dLOtxE">
    <ul
      className="c-pagination">
      <li
        className="previous c-pagination__page--disabled">
        <a
          className={undefined}
          onClick={[Function]}
          onKeyPress={[Function]}
          tabIndex="0">
          
        </a>
      </li>
      <li
        className="next">
        <a
          className={undefined}
          onClick={[Function]}
          onKeyPress={[Function]}
          tabIndex="0">
          
        </a>
      </li>
    </ul>
  </div>
</div>
`;
