exports[`BookStore renders correctly 1`] = `
<div
  className="BookStore">
  <div
    className="SearchForm">
    <input
      onChange={[Function]}
      value="" />
    <button
      onClick={[Function]}>
      Search
    </button>
  </div>
  <div
    className="BookShelf">
    Hello Book Shelf
  </div>
</div>
`;
