exports[`Book renders correctly 1`] = `
<li
  className="c-book">
  <span>
    <span>
      Harry Potter
    </span>
  </span>
  <a
    onClick={[Function]}
    style={Object {}}>
    Detail
  </a>
  <button
    className="c-book__favorite"
    onClick={[Function]}>
    Favorite
  </button>
</li>
`;
