exports[`Book renders correctly 1`] = `
<div
  className="c-book  dyAsnX">
  <div
    className="iUefns">
    <img
      alt="Harry Potter"
      src="thumb.jpg" />
    <button
      className="c-book__favorite jCIGdr"
      onClick={[Function]}>
      <i
        className="material-icons">
        favorite_border
      </i>
    </button>
  </div>
  <div
    className="bNAaIj">
    <span>
      <span>
        Harry Potter
      </span>
    </span>
    <a
      onClick={[Function]}
      style={Object {}}>
      <i
        className="material-icons">
        info_outline
      </i>
    </a>
  </div>
</div>
`;
