exports[`Book renders correctly 1`] = `
<div
  className="c-book  jKIEBW">
  <img
    alt="Harry Potter"
    src="thumb.jpg" />
  <span>
    <span>
      Harry Potter
    </span>
  </span>
  <a
    onClick={[Function]}
    style={Object {}}>
    Detail
  </a>
  <button
    className="c-book__favorite"
    onClick={[Function]}>
    Favorite
  </button>
</div>
`;
